🔥 fire  alarms (2)
 devices │ rules │ alarms │ networks │ wan │ data 

❯ 2297     50s ago   Port Scan          Laptop scanned ports            
  55       1m ago    New Device         Phone                           
 NORMAL  ↑↓ nav • enter detail • / search • s sort • a archive • x delete • tab views • r reload • esc devices • q quit