╭── 🔥 fire ───────────────────────────────────────────────────────────────────╮
│  devices │ rules │ alarms 2 │ networks │ wan │ data │ top                    │
│                                                                              │
│ ❯ 2297     50s ago   Port Scan          Laptop scanned ports                 │
│   55       1m ago    New Device         Phone                                │
│                                                                              │
│                                                                              │
│                                                                              │
│                                                                              │
│                                                                              │
│                                                                              │
│                                                                              │
│                                                                              │
│                                                                              │
│                                                                              │
│                                                                              │
│                                                                              │
│                                                                              │
│                                                                              │
│                                                                              │
│                                                                              │
│                                                                              │
│  NORMAL  ↑↓ nav • enter detail • / search • s sort • a archive • x delete •… │
╰──────────────────────────────────────────────────────────────────────────────╯