╭── 🔥 fire ───────────────────────────────────────────────────────────────────╮
│  devices │ rules │ alarms │ networks │ wan │ data │ top                      │
│                                                                              │
│   1.0 MB of 931.3 GB plan  (0.0%), resets day 1                              │
│   ░░░░░░░░░░░░░░░░░░░░░░░░░░░░░░░░░░░░░░░░                                   │
│                                                                              │
│   ISP-A            ████████████████████████████████████████  1.0 MB ↑1.0 KB… │
│                                                                              │
│                                                                              │
│                                                                              │
│                                                                              │
│                                                                              │
│                                                                              │
│                                                                              │
│                                                                              │
│                                                                              │
│                                                                              │
│                                                                              │
│                                                                              │
│                                                                              │
│                                                                              │
│                                                                              │
│  NORMAL                          tab views • r reload • esc devices • q quit │
╰──────────────────────────────────────────────────────────────────────────────╯