╭── 🔥 fire ───────────────────────────────────────────────────────────────────╮
│ networks (2)                                                                 │
│  devices │ rules │ alarms │ networks │ wan │ data                            │
│                                                                              │
│ ❯ Home             lan            192.0.2.0/24       br0                     │
│   IoT              lan   vlan 2001 192.0.2.64/26      eth2.2001              │
│                                                                              │
│                                                                              │
│                                                                              │
│                                                                              │
│                                                                              │
│                                                                              │
│                                                                              │
│                                                                              │
│                                                                              │
│                                                                              │
│                                                                              │
│                                                                              │
│                                                                              │
│                                                                              │
│                                                                              │
│                                                                              │
│  NORMAL  ↑↓ nav • enter detail • / search • s sort • tab views • r reload •… │
╰──────────────────────────────────────────────────────────────────────────────╯