╭── 🔥 fire ───────────────────────────────────────────────────────────────────╮
│ top talkers (2)                                                              │
│  devices │ rules │ alarms │ networks │ wan │ data │ top                      │
│                                                                              │
│ ❯ Example Phone          ██████████████████  4.0 GB                          │
│   Example Hot Tub        █████░░░░░░░░░░░░░  1.1 GB                          │
│                                                                              │
│                                                                              │
│                                                                              │
│                                                                              │
│                                                                              │
│                                                                              │
│                                                                              │
│                                                                              │
│                                                                              │
│                                                                              │
│                                                                              │
│                                                                              │
│                                                                              │
│                                                                              │
│                                                                              │
│                                                                              │
│  NORMAL  ↑↓ nav • enter detail • / search • s sort • tab views • r reload •… │
╰──────────────────────────────────────────────────────────────────────────────╯